// Jest Snapshot v1, https://goo.gl/fbAQLP

exports[`PasswordInput Should render correctly 1`] = `
.c0 {
  background-color: #F0F0F0;
  border-radius: 8px;
  border: 1px solid #808080;
  color: #202020;
  min-height: 32px;
  outline: 0;
  padding: 4px 8px;
  border: 1px solid #ff2e2e;
}

.c0:focus,
.c0:active,
.c0:focus-visible {
  border: 1px solid #38A9FF;
}

.c0:hover {
  box-shadow: 0 0 8px 0 #38A9FF;
}

.c0:focus,
.c0:active,
.c0:focus-visible {
  border: 1px solid #ff2e2e;
}

.c0:hover {
  box-shadow: 0 0 8px 0 #ff2e2e;
}

<input
  class="c0"
  type="password"
/>
`;
